// Jest Snapshot v1, https://goo.gl/fbAQLP

exports[`findInstalledBeautifiers 1`] = `
Array [
  "@unibeautify/beautifier-eslint",
]
`;
